I (43) boot: ESP-IDF v3.4-dev-389-gea4f93b7-dirty 2nd stage bootloader
I (43) boot: compile time 01:54:18
I (45) boot: SPI Speed      : 40MHz
I (51) boot: SPI Mode       : DOUT
I (57) boot: SPI Flash Size : 1MB
I (63) boot: Partition Table:
I (69) boot: ## Label            Usage          Type ST Offset   Length
I (80) boot:  0 nvs              WiFi data        01 02 00009000 00006000
I (92) boot:  1 phy_init         RF data          01 01 0000f000 00001000
I (103) boot:  2 factory          factory app      00 00 00010000 000f0000
I (115) boot: End of partition table
I (121) esp_image: segment 0: paddr=0x00010010 vaddr=0x40210010 size=0x15da0 ( 89504) map
I (174) esp_image: segment 1: paddr=0x00025db8 vaddr=0x40225db0 size=0x05e08 ( 24072) map
I (185) esp_image: segment 2: paddr=0x0002bbc8 vaddr=0x3ffe8000 size=0x003dc (   988) load
I (186) esp_image: segment 3: paddr=0x0002bfac vaddr=0x40100000 size=0x00080 (   128) load
I (199) esp_image: segment 4: paddr=0x0002c034 vaddr=0x40100080 size=0x045a0 ( 17824) load
I (220) boot: Loaded app from partition at offset 0x10000
I (245) gpio: GPIO[0]| InputEn: 0| OutputEn: 1| OpenDrain: 1| Pullup: 1| Pulldown: 0| Intr:0
I (249) gpio: GPIO[2]| InputEn: 0| OutputEn: 1| OpenDrain: 1| Pullup: 1| Pulldown: 0| Intr:0
I (260) main: ************************* ADS1115 ****************:

I (271) main:
 Voltage Output at AN0 (One shot mode): 2.40

I (281) main: Voltage Output at AN0 2.43

I (288) main: Voltage Output at AN0 2.43

I (295) main: Voltage Output at AN0 2.43

I (303) main: Voltage Output at AN0 2.42

I (310) main: Voltage Output at AN0 2.42

I (318) main: Voltage Output at AN0 2.42

I (325) main: Voltage Output at AN0 2.42

I (333) main: Voltage Output at AN0 2.42

I (340) main: Voltage Output at AN0 2.42

I (348) main: Voltage Output at AN0 2.42

I (355) main: Voltage Output at AN0 2.41

I (363) main: Voltage Output at AN0 2.41

I (370) main: Voltage Output at AN0 2.41

I (378) main: Voltage Output at AN0 2.41

I (385) main: Voltage Output at AN0 2.41

I (393) main: Voltage Output at AN0 2.41

I (400) main: Voltage Output at AN0 2.41

I (408) main: Voltage Output at AN0 2.40

I (1414) main: ************************* ADS1115 ****************:

I (1417) main:
 Voltage Output at AN0 (One shot mode): 2.40

I (1421) main: Voltage Output at AN0 3.5

I (1428) main: Voltage Output at AN0 3.3

I (1435) main: Voltage Output at AN0 3.3

I (1443) main: Voltage Output at AN0 3.3

I (1450) main: Voltage Output at AN0 3.3

I (1458) main: Voltage Output at AN0 3.3

I (1465) main: Voltage Output at AN0 3.3

I (1473) main: Voltage Output at AN0 3.3

I (1480) main: Voltage Output at AN0 3.2

I (1487) main: Voltage Output at AN0 3.2

I (1495) main: Voltage Output at AN0 3.2

I (1502) main: Voltage Output at AN0 3.2

I (1510) main: Voltage Output at AN0 3.1

I (1517) main: Voltage Output at AN0 3.1

I (1525) main: Voltage Output at AN0 3.1

I (1532) main: Voltage Output at AN0 3.1

I (1540) main: Voltage Output at AN0 3.1

I (1547) main: Voltage Output at AN0 3.1
