I (43) boot: ESP-IDF v3.4-dev-389-gea4f93b7-dirty 2nd stage bootloader
I (43) boot: compile time 04:00:32
I (45) boot: SPI Speed      : 40MHz
I (51) boot: SPI Mode       : DOUT
I (57) boot: SPI Flash Size : 1MB
I (63) boot: Partition Table:
I (69) boot: ## Label            Usage          Type ST Offset   Length
I (80) boot:  0 nvs              WiFi data        01 02 00009000 00006000
I (92) boot:  1 phy_init         RF data          01 01 0000f000 00001000
I (103) boot:  2 factory          factory app      00 00 00010000 000f0000
I (115) boot: End of partition table
I (121) esp_image: segment 0: paddr=0x00010010 vaddr=0x40210010 size=0x14840 ( 84032) map
I (171) esp_image: segment 1: paddr=0x00024858 vaddr=0x40224850 size=0x05788 ( 22408) map
I (182) esp_image: segment 2: paddr=0x00029fe8 vaddr=0x3ffe8000 size=0x003dc (   988) load
I (183) esp_image: segment 3: paddr=0x0002a3cc vaddr=0x40100000 size=0x00080 (   128) load
I (196) esp_image: segment 4: paddr=0x0002a454 vaddr=0x40100080 size=0x044ec ( 17644) load
I (217) boot: Loaded app from partition at offset 0x10000
I (248) gpio: GPIO[0]| InputEn: 0| OutputEn: 0| OpenDrain: 0| Pullup: 0| Pulldown: 0| Intr:0
I (252) gpio: GPIO[2]| InputEn: 1| OutputEn: 1| OpenDrain: 0| Pullup: 1| Pulldown: 0| Intr:0
I (263) main: cnt: 0

I (1262) main: GPIO[0] intr, val: 0

I (1264) main: cnt: 1

I (2262) main: GPIO[0] intr, val: 0

I (2264) main: cnt: 2

I (3262) main: GPIO[0] intr, val: 0 

I (3264) main: cnt: 3

I (4262) main: GPIO[0] intr, val: 0

I (4264) main: cnt: 4

I (5262) main: GPIO[0] intr, val: 0

I (5264) main: cnt: 5
